help.are
system_nexus.are
academy_common_objects.are
space.are
omni_complex
Earth/human_orbital_academy.are
Earth/earth_assembly.are
Earth/earth_hague.are
Earth/earth_hague_2.are
Earth/hague_civic.are
Earth/hague_detention.are
Earth/DenHaagArrivals.are
Earth/LunaComplex.are
DrakkenAcademy.are
KeshariAcademy.are
LethariAcademy.are
NoxianAcademy.are
PelagianAcademy.are
VeyranAcademy.are
VordanAcademy.are
adari
gamorr
adari01
tatooine
darkhand
honoghr
cloning
kashyyyk
a.byss.city
grand_towers
land.vehicles
endor
Sorosuub
jedi_acad
hunter.ships
mc90
hunters.guild
mall
mon_cal.are
quarren.are
dagobah
throne.city
nal.hut
monolith
byss.jail
nar.shadda
$
